// Jest Snapshot v1, https://goo.gl/fbAQLP

exports[`ImageContainer.vue should match the snapshot 1`] = `
VueWrapper {
  "_emitted": Object {},
  "_emittedByOrder": Array [],
  "isFunctionalComponent": undefined,
}
`;
